// Jest Snapshot v1, https://goo.gl/fbAQLP

exports[`<GridSection /> should render with background 1`] = `
.c4 {
  color: #0a1128;
  font-size: 6.4rem;
  font-weight: 900;
  text-transform: uppercase;
  text-align: center;
}

.c8 {
  color: #0a1128;
  font-size: 3.2rem;
  font-weight: 900;
  text-transform: none;
  text-align: center;
}

.c10 {
  font-size: 2.4rem;
}

.c2 .c9 {
  margin-bottom: 6.4rem;
}

.c5 {
  margin-bottom: 6.4rem;
  text-align: center;
}

.c6 {
  counter-reset: grid-counter;
  display: grid;
  grid-template-columns: repeat(auto-fill,minmax(280px,1fr));
  gap: 3.2rem;
  overflow: hidden;
  width: 100%;
}

.c7 .c3 {
  position: relative;
  left: 5rem;
  text-align: left;
}

.c7 .c3::before {
  counter-increment: grid-counter;
  content: counter(grid-counter);
  position: absolute;
  font-size: 7rem;
  top: -3.5rem;
  left: -5rem;
  -webkit-transform: rotate(15deg);
  -ms-transform: rotate(15deg);
  transform: rotate(15deg);
}

.c1 {
  width: 100%;
  max-width: 120rem;
  margin: 0 auto;
  padding: 3.2rem;
}

.c0 {
  background-color: #fff;
  color: #0a1128;
  min-height: 100vh;
  display: -webkit-box;
  display: -webkit-flex;
  display: -ms-flexbox;
  display: flex;
  -webkit-align-items: center;
  -webkit-box-align: center;
  -ms-flex-align: center;
  align-items: center;
}

@media (max-width:768px) {
  .c4 {
    font-size: 4rem;
  }
}

@media (max-width:768px) {
  .c6 {
    grid-template-columns: 1fr;
  }
}

<div>
  <div
    class="c0"
    id=""
  >
    <div
      class="c1"
    >
      <div
        class="c2"
      >
        <h2
          class="c3 c4"
        >
          My grid
        </h2>
        <h2
          class="c5"
        >
          Lorem ipsum dolor sit amet, consectetur adipiscing elit, sed do eiusmod tempor incididunt.
        </h2>
        <div
          class="c6"
        >
          <div
            class="c7"
          >
            <h3
              class="c3 c8"
            >
              Teste 1
            </h3>
            <div
              class="c9 c10"
            >
              Lorem ipsum dolor sit amet, consectetur adipiscing elit, sed do eiusmod tempor incididunt ut labore et dolore magna aliqua. Ut enim ad minim veniam, quis nostrud exercitation ullamco laboris nisi ut aliquip.
            </div>
          </div>
          <div
            class="c7"
          >
            <h3
              class="c3 c8"
            >
              Teste 2
            </h3>
            <div
              class="c9 c10"
            >
              Lorem ipsum dolor sit amet, consectetur adipiscing elit, sed do eiusmod tempor incididunt ut labore et dolore magna aliqua. Ut enim ad minim veniam, quis nostrud exercitation ullamco laboris nisi ut aliquip.
            </div>
          </div>
          <div
            class="c7"
          >
            <h3
              class="c3 c8"
            >
              Teste 3
            </h3>
            <div
              class="c9 c10"
            >
              Lorem ipsum dolor sit amet, consectetur adipiscing elit, sed do eiusmod tempor incididunt ut labore et dolore magna aliqua. Ut enim ad minim veniam, quis nostrud exercitation ullamco laboris nisi ut aliquip.
            </div>
          </div>
        </div>
      </div>
    </div>
  </div>
</div>
`;

exports[`<GridSection /> should render without background 1`] = `
.c4 {
  color: #0a1128;
  font-size: 6.4rem;
  font-weight: 900;
  text-transform: uppercase;
  text-align: center;
}

.c8 {
  color: #0a1128;
  font-size: 3.2rem;
  font-weight: 900;
  text-transform: none;
  text-align: center;
}

.c10 {
  font-size: 2.4rem;
}

.c2 .c9 {
  margin-bottom: 6.4rem;
}

.c5 {
  margin-bottom: 6.4rem;
  text-align: center;
}

.c6 {
  counter-reset: grid-counter;
  display: grid;
  grid-template-columns: repeat(auto-fill,minmax(280px,1fr));
  gap: 3.2rem;
  overflow: hidden;
  width: 100%;
}

.c7 .c3 {
  position: relative;
  left: 5rem;
  text-align: left;
}

.c7 .c3::before {
  counter-increment: grid-counter;
  content: counter(grid-counter);
  position: absolute;
  font-size: 7rem;
  top: -3.5rem;
  left: -5rem;
  -webkit-transform: rotate(15deg);
  -ms-transform: rotate(15deg);
  transform: rotate(15deg);
}

.c1 {
  width: 100%;
  max-width: 120rem;
  margin: 0 auto;
  padding: 3.2rem;
}

.c0 {
  background-color: #fff;
  color: #0a1128;
  min-height: 100vh;
  display: -webkit-box;
  display: -webkit-flex;
  display: -ms-flexbox;
  display: flex;
  -webkit-align-items: center;
  -webkit-box-align: center;
  -ms-flex-align: center;
  align-items: center;
}

@media (max-width:768px) {
  .c4 {
    font-size: 4rem;
  }
}

@media (max-width:768px) {
  .c6 {
    grid-template-columns: 1fr;
  }
}

<div>
  <div
    class="c0"
    id=""
  >
    <div
      class="c1"
    >
      <div
        class="c2"
      >
        <h2
          class="c3 c4"
        >
          My grid
        </h2>
        <h2
          class="c5"
        >
          Lorem ipsum dolor sit amet, consectetur adipiscing elit, sed do eiusmod tempor incididunt.
        </h2>
        <div
          class="c6"
        >
          <div
            class="c7"
          >
            <h3
              class="c3 c8"
            >
              Teste 1
            </h3>
            <div
              class="c9 c10"
            >
              Lorem ipsum dolor sit amet, consectetur adipiscing elit, sed do eiusmod tempor incididunt ut labore et dolore magna aliqua. Ut enim ad minim veniam, quis nostrud exercitation ullamco laboris nisi ut aliquip.
            </div>
          </div>
          <div
            class="c7"
          >
            <h3
              class="c3 c8"
            >
              Teste 2
            </h3>
            <div
              class="c9 c10"
            >
              Lorem ipsum dolor sit amet, consectetur adipiscing elit, sed do eiusmod tempor incididunt ut labore et dolore magna aliqua. Ut enim ad minim veniam, quis nostrud exercitation ullamco laboris nisi ut aliquip.
            </div>
          </div>
          <div
            class="c7"
          >
            <h3
              class="c3 c8"
            >
              Teste 3
            </h3>
            <div
              class="c9 c10"
            >
              Lorem ipsum dolor sit amet, consectetur adipiscing elit, sed do eiusmod tempor incididunt ut labore et dolore magna aliqua. Ut enim ad minim veniam, quis nostrud exercitation ullamco laboris nisi ut aliquip.
            </div>
          </div>
        </div>
      </div>
    </div>
  </div>
</div>
`;
