// Jest Snapshot v1, https://goo.gl/fbAQLP

exports[`<Footer /> should render 1`] = `
.c3 {
  font-size: 2.4rem;
}

.c0 {
  text-align: center;
  border-top: 1px solid #ddd;
}

.c0 a {
  color: inherit;
  -webkit-text-decoration: none;
  text-decoration: none;
}

.c0 .c2 {
  font-size: 1.6rem;
}

.c1 {
  width: 100%;
  max-width: 120rem;
  margin: 0 auto;
  padding: 3.2rem;
}

<div>
  <footer
    class="c0"
  >
    <div
      class="c1"
    >
      <div
        class="c2 c3"
      >
        <h1>
          Ol√°
        </h1>
      </div>
    </div>
  </footer>
</div>
`;
