// Jest Snapshot v1, https://goo.gl/fbAQLP

exports[`<SectionContact /> should render 1`] = `
.c2 {
  color: #fff;
  font-size: 6.4rem;
  font-weight: 900;
  text-transform: uppercase;
  text-align: center;
}

.c1 {
  width: 100%;
  max-width: 120rem;
  margin: 0 auto;
  padding: 3.2rem;
}

.c0 {
  background-color: #fff;
  color: #0a1128;
  min-height: 100vh;
  display: -webkit-box;
  display: -webkit-flex;
  display: -ms-flexbox;
  display: flex;
  -webkit-align-items: center;
  -webkit-box-align: center;
  -ms-flex-align: center;
  align-items: center;
  background-color: #0a1128;
  color: #fff;
}

.c3 {
  width: 100%;
  display: -webkit-box;
  display: -webkit-flex;
  display: -ms-flexbox;
  display: flex;
  gap: 1.6rem;
}

.c3 label {
  font-size: 2.4rem;
}

.c3 input {
  width: 100%;
  font-size: 3.2rem;
  padding: 1rem 2rem;
  margin-top: 1.6rem;
  margin-bottom: 4rem;
  border: none;
  outline: none;
  -webkit-transition: all 200ms ease-in-out;
  transition: all 200ms ease-in-out;
}

.c3 input:focus {
  box-shadow: 0 0 10px 1px #dc143c;
}

.c3 input::-webkit-input-placeholder {
  color: #ddd;
}

.c3 input::-moz-placeholder {
  color: #ddd;
}

.c3 input:-ms-input-placeholder {
  color: #ddd;
}

.c3 input::placeholder {
  color: #ddd;
}

.c4 {
  width: 100%;
  display: -webkit-box;
  display: -webkit-flex;
  display: -ms-flexbox;
  display: flex;
  -webkit-flex-direction: column;
  -ms-flex-direction: column;
  flex-direction: column;
}

.c4 label {
  font-size: 2.4rem;
}

.c4 textarea {
  width: 100%;
  margin-top: 1.6rem;
  font-size: 3.2rem;
  padding: 1rem 2rem;
  margin-bottom: 4.8rem;
  border: none;
  outline: none;
  -webkit-transition: all 200ms ease-in-out;
  transition: all 200ms ease-in-out;
}

.c4 textarea:focus {
  box-shadow: 0 0 10px 1px #dc143c;
}

.c4 textarea::-webkit-input-placeholder {
  color: #ddd;
}

.c4 textarea::-moz-placeholder {
  color: #ddd;
}

.c4 textarea:-ms-input-placeholder {
  color: #ddd;
}

.c4 textarea::placeholder {
  color: #ddd;
}

.c5 {
  background-color: transparent;
  color: #fff;
  border: solid 5px #fff;
  padding: 1.5rem 2rem;
  font-size: 3.2rem;
  -webkit-transition: all 300ms ease-in-out;
  transition: all 300ms ease-in-out;
  cursor: pointer;
}

.c5:hover {
  background-color: #fff;
  color: #0a1128;
}

@media (max-width:768px) {
  .c2 {
    font-size: 4rem;
  }
}

@media (max-width:768px) {
  .c3 {
    -webkit-flex-direction: column;
    -ms-flex-direction: column;
    flex-direction: column;
  }
}

@media (max-width:768px) {
  .c5 {
    font-size: 2.4rem;
    width: 100%;
  }
}

<div>
  <div
    class="c0"
    id="contact"
  >
    <div
      class="c1"
    >
      <div
        class=""
      >
        <h2
          class="c2"
        >
          contact
        </h2>
        <div
          class="c3"
        >
          <div>
            <label
              for="First Name"
            >
              First name
            </label>
            <input
              name="First Name"
              placeholder="Your name"
              type="text"
            />
          </div>
          <div>
            <label
              for="Last Name"
            >
              Last name
            </label>
            <input
              name="Last Name"
              placeholder="Your last name"
              type="text"
            />
          </div>
          <div>
            <label
              for="Email"
            >
              Email
            </label>
            <input
              name="Email"
              placeholder="Your email"
              type="email"
            />
          </div>
        </div>
        <div
          class="c4"
        >
          <label
            for="Message"
          >
            Message
          </label>
          <textarea
            cols="30"
            name="Message"
            placeholder="Your message"
            rows="10"
          />
        </div>
        <button
          class="c5"
        >
          Send Message
        </button>
      </div>
    </div>
  </div>
</div>
`;
