// Jest Snapshot v1, https://goo.gl/fbAQLP

exports[`<GridTwoColumn /> should render two column grid 1`] = `
.c4 {
  color: #0a1128;
  font-size: 6.4rem;
  font-weight: 900;
  text-transform: uppercase;
}

.c2 {
  display: grid;
  grid-template-columns: 1fr 2fr;
  -webkit-align-items: center;
  -webkit-box-align: center;
  -ms-flex-align: center;
  align-items: center;
  gap: 3.2rem;
}

.c2 .c3 {
  margin-bottom: 4rem;
}

.c1 {
  max-width: 120rem;
  margin: 0 auto;
  padding: 3.2rem;
}

.c0 {
  background-color: #fff;
  color: #0a1128;
  min-height: 100vh;
  display: -webkit-box;
  display: -webkit-flex;
  display: -ms-flexbox;
  display: flex;
  -webkit-align-items: center;
  -webkit-box-align: center;
  -ms-flex-align: center;
  align-items: center;
}

.c5 {
  font-size: 2.4rem;
}

@media (max-width:768px) {
  .c4 {
    font-size: 4rem;
  }
}

@media (max-width:768px) {
  .c2 {
    grid-template-columns: 1fr;
    text-align: center;
  }
}

<div>
  <div
    class="c0"
  >
    <div
      class="c1"
    >
      <div
        class="c2"
      >
        <div
          class=""
        >
          <h1
            class="c3 c4"
          >
            Grid Two Column
          </h1>
          <p
            class="c5"
          >
            Lorem ipsum dolor sit amet consectetur adipisicing elit. Consequatur, omnis qui cumque reiciendis accusantium reprehenderit optio voluptates incidunt. Fugit facilis debitis officia repellat ab laudantium voluptatibus incidunt expedita a nihil!
          </p>
        </div>
        <img
          alt="Grid Two Column"
          class=""
          src="assets/images/javascript.svg"
        />
      </div>
    </div>
  </div>
</div>
`;
